Archive member included to satisfy reference by file (symbol)

./build/open_esplibs_libmain.a(user_interface.o)
                              (--whole-archive)
./build/open_esplibs_libmain.a(ets_timer.o)
                              (--whole-archive)
./build/open_esplibs_libmain.a(spi_flash.o)
                              (--whole-archive)
./build/open_esplibs_libmain.a(os_cpu_a.o)
                              (--whole-archive)
./build/open_esplibs_libmain.a(uart.o)
                              (--whole-archive)
./build/open_esplibs_libmain.a(misc.o)
                              (--whole-archive)
./build/open_esplibs_libmain.a(timers.o)
                              (--whole-archive)
./build/open_esplibs_libmain.a(xtensa_context.o)
                              (--whole-archive)
./build/open_esplibs_libnet80211.a(ieee80211_hostap.o)
                              (--whole-archive)
./build/open_esplibs_libnet80211.a(wl_cnx.o)
                              (--whole-archive)
./build/open_esplibs_libnet80211.a(ieee80211_ets.o)
                              (--whole-archive)
./build/open_esplibs_libnet80211.a(ieee80211_input.o)
                              (--whole-archive)
./build/open_esplibs_libnet80211.a(ieee80211_sta.o)
                              (--whole-archive)
./build/open_esplibs_libphy.a(phy_chip_v6.o)
                              (--whole-archive)
./build/open_esplibs_libphy.a(phy.o)
                              (--whole-archive)
./build/open_esplibs_libphy.a(phy_sleep.o)
                              (--whole-archive)
./build/open_esplibs_libpp.a(pm.o)
                              (--whole-archive)
./build/open_esplibs_libpp.a(if_hwctrl.o)
                              (--whole-archive)
./build/open_esplibs_libpp.a(pp.o)
                              (--whole-archive)
./build/open_esplibs_libpp.a(esf_buf.o)
                              (--whole-archive)
./build/open_esplibs_libpp.a(lmac.o)
                              (--whole-archive)
./build/open_esplibs_libpp.a(wdev.o)
                              (--whole-archive)
./build/open_esplibs_libwpa.a(os_xtensa.o)
                              (--whole-archive)
./build/open_esplibs_libwpa.a(wpa_main.o)
                              (--whole-archive)
./build/freertos.a(tasks.o)   ./build/open_esplibs_libmain.a(os_cpu_a.o) (pxCurrentTCB)
./build/freertos.a(timers.o)  ./build/freertos.a(tasks.o) (xTimerCreateTimerTask)
./build/freertos.a(port.o)    ./build/freertos.a(tasks.o) (vAssertCalled)
./build/freertos.a(queue.o)   ./build/freertos.a(timers.o) (xQueueGenericCreate)
./build/freertos.a(list.o)    ./build/freertos.a(tasks.o) (vListInitialise)
./build/lwip.a(sys_arch.o)    ./build/open_esplibs_libmain.a(user_interface.o) (sys_lock_tcpip_core)
./build/lwip.a(esp_interface.o)
                              ./build/open_esplibs_libnet80211.a(ieee80211_input.o) (ethernetif_input)
./build/lwip.a(tcpip.o)       ./build/open_esplibs_libnet80211.a(ieee80211_hostap.o) (tcpip_input)
./build/lwip.a(mem.o)         ./build/lwip.a(tcpip.o) (mem_free)
./build/lwip.a(init.o)        ./build/lwip.a(tcpip.o) (lwip_init)
./build/lwip.a(memp.o)        ./build/lwip.a(init.o) (memp_init)
./build/lwip.a(tcp.o)         ./build/lwip.a(init.o) (tcp_init)
./build/lwip.a(timeouts.o)    ./build/lwip.a(init.o) (sys_timeouts_init)
./build/lwip.a(dns.o)         ./build/lwip.a(init.o) (dns_init)
./build/lwip.a(tcp_in.o)      ./build/lwip.a(tcp.o) (tcp_input_pcb)
./build/lwip.a(pbuf.o)        ./build/open_esplibs_libnet80211.a(ieee80211_input.o) (pbuf_alloc_reference)
./build/lwip.a(netif.o)       ./build/lwip.a(init.o) (netif_init)
./build/lwip.a(def.o)         ./build/lwip.a(esp_interface.o) (lwip_htons)
./build/lwip.a(udp.o)         ./build/lwip.a(init.o) (udp_init)
./build/lwip.a(tcp_out.o)     ./build/lwip.a(tcp.o) (tcp_split_unsent_seg)
./build/lwip.a(ip4_frag.o)    ./build/lwip.a(timeouts.o) (ip_reass_tmr)
./build/lwip.a(dhcp.o)        ./build/lwip.a(netif.o) (dhcp_network_changed)
./build/lwip.a(etharp.o)      ./build/lwip.a(netif.o) (etharp_cleanup_netif)
./build/lwip.a(ip4_addr.o)    ./build/lwip.a(tcp_in.o) (ip4_addr_isbroadcast_u32)
./build/lwip.a(igmp.o)        ./build/lwip.a(init.o) (igmp_init)
./build/lwip.a(ip4.o)         ./build/lwip.a(tcp.o) (ip4_route)
./build/lwip.a(icmp.o)        ./build/lwip.a(ip4.o) (icmp_input)
./build/lwip.a(ethernet.o)    ./build/lwip.a(etharp.o) (ethbroadcast)
./build/lwip.a(inet_chksum.o)
                              ./build/lwip.a(tcp_in.o) (ip_chksum_pseudo)
./build/lwip.a(ip.o)          ./build/lwip.a(tcp_in.o) (ip_data)
./build/core.a(esp_interrupts.o)
                              ./build/open_esplibs_libmain.a(ets_timer.o) (_xt_isr_attach)
./build/core.a(app_main.o)    ./build/open_esplibs_libmain.a(user_interface.o) (sdk_user_init_flag)
./build/core.a(sdk_compat.o)  ./build/open_esplibs_libnet80211.a(ieee80211_hostap.o) (zalloc)
./build/core.a(sysparam.o)    ./build/core.a(app_main.o) (sysparam_init)
[...]
Memory Configuration

Name             Origin             Length             Attributes
dport0_0_seg     0x000000003ff00000 0x0000000000000010
dram0_0_seg      0x000000003ffe8000 0x0000000000014000
iram1_0_seg      0x0000000040100000 0x0000000000008000
irom0_0_seg      0x0000000040202010 0x00000000000fdff0
*default*        0x0000000000000000 0xffffffffffffffff

Linker script and memory map

LOAD ./build/open_esplibs_libmain.a
LOAD ./build/open_esplibs_libnet80211.a
LOAD ./build/open_esplibs_libphy.a
LOAD ./build/open_esplibs_libpp.a
LOAD ./build/open_esplibs_libwpa.a
START GROUP
LOAD ./build/program.a
LOAD ./build/http-parser.a
LOAD ./build/dhcpserver.a
LOAD ./build/wifi_config.a
LOAD ./build/cjson.a
LOAD ./build/wolfssl.a
LOAD ./build/homekit.a
LOAD ./build/freertos.a
LOAD ./build/lwip.a
LOAD ./build/core.a
LOAD ./build/open_esplibs.a
LOAD ./build/libgcc.a
LOAD ./build/libc.a
LOAD /opt/xtensa-lx106-elf/bin/../xtensa-lx106-elf/sysroot/usr/lib/libhal.a
LOAD ./build/sdklib/libmain.a
LOAD ./build/sdklib/libnet80211.a
LOAD ./build/sdklib/libphy.a
LOAD ./build/sdklib/libpp.a
LOAD ./build/sdklib/libwpa.a
END GROUP
                0x0000000040105954                pvPortMalloc = malloc
                0x0000000040105970                vPortFree = free
                0x0000000040105c6c                ets_printf = printf
                [!provide]                        PROVIDE (_memmap_vecbase_reset, 0x40000000)
                0x0000000000000110                _memmap_cacheattr_wb_base = 0x110
                0x0000000000000110                _memmap_cacheattr_wt_base = 0x110
                0x0000000000000220                _memmap_cacheattr_bp_base = 0x220
                0x00000000fffff00f                _memmap_cacheattr_unused_mask = 0xfffff00f
                0x000000002222211f                _memmap_cacheattr_wb_trapnull = 0x2222211f
                0x000000002222211f                _memmap_cacheattr_wba_trapnull = 0x2222211f
                0x000000002222211f                _memmap_cacheattr_wbna_trapnull = 0x2222211f
                0x000000002222211f                _memmap_cacheattr_wt_trapnull = 0x2222211f
                0x000000002222222f                _memmap_cacheattr_bp_trapnull = 0x2222222f
                0x00000000fffff11f                _memmap_cacheattr_wb_strict = 0xfffff11f
                0x00000000fffff11f                _memmap_cacheattr_wt_strict = 0xfffff11f
                0x00000000fffff22f                _memmap_cacheattr_bp_strict = 0xfffff22f
                0x0000000022222112                _memmap_cacheattr_wb_allvalid = 0x22222112
                0x0000000022222112                _memmap_cacheattr_wt_allvalid = 0x22222112
                0x0000000022222222                _memmap_cacheattr_bp_allvalid = 0x22222222
                [!provide]                        PROVIDE (_memmap_cacheattr_reset, _memmap_cacheattr_wb_trapnull)

.dport0.rodata  0x000000003ff00000        0x0
                0x000000003ff00000                _dport0_rodata_start = ABSOLUTE (.)
 *(.dport0.rodata)
 *(.dport.rodata)
                0x000000003ff00000                _dport0_rodata_end = ABSOLUTE (.)

.dport0.literal
                0x000000003ff00000        0x0
                0x000000003ff00000                _dport0_literal_start = ABSOLUTE (.)
 *(.dport0.literal)
 *(.dport.literal)
                0x000000003ff00000                _dport0_literal_end = ABSOLUTE (.)

.dport0.data    0x000000003ff00000        0x0
                0x000000003ff00000                _dport0_data_start = ABSOLUTE (.)
 *(.dport0.data)
 *(.dport.data)
                0x000000003ff00000                _dport0_data_end = ABSOLUTE (.)

.text           0x0000000040100000     0x6b22
                0x0000000040100000                _stext = .
                0x0000000040100000                _text_start = ABSOLUTE (.)
                0x0000000040100000                . = ALIGN (0x10)
 *(.vecbase.text)
 .vecbase.text  0x0000000040100000      0x3b2 ./build/core.a(exception_vectors.o)
                0x0000000040100000                VecBase
                0x000000004010023c                call_user_start
                0x000000004010039e                _xt_user_exit
 *(.entry.text)
 *(.init.literal)
 *(.init)
 *(.iram1.*)
 *fill*         0x00000000401003b2        0x2 
 .iram1.text    0x00000000401003b4      0x1d9 ./build/open_esplibs_libmain.a(user_interface.o)
                                        0x1e8 (size before relaxing)
                0x00000000401003b8                sdk_system_rtc_mem_write
                0x000000004010041c                sdk_system_rtc_mem_read
                0x000000004010049c                sdk_system_restart_in_nmi
 *fill*         0x000000004010058d        0x3 
 .iram1.text    0x0000000040100590       0x4b ./build/open_esplibs_libmain.a(ets_timer.o)
                                         0x4f (size before relaxing)
 *fill*         0x00000000401005db        0x1 
 .iram1.text    0x00000000401005dc      0x39c ./build/open_esplibs_libmain.a(spi_flash.o)
                                        0x478 (size before relaxing)
                0x0000000040100600                sdk_SPIReadModeCnfig
                0x0000000040100680                sdk_SPIWrite
                0x0000000040100740                sdk_SPIRead
                0x0000000040100770                sdk_SPIEraseSector
                0x00000000401007c8                sdk_spi_flash_get_id
                0x0000000040100824                sdk_spi_flash_read_status
                0x0000000040100864                sdk_spi_flash_write_status
                0x00000000401008a0                sdk_spi_flash_erase_sector
                0x00000000401008d4                sdk_spi_flash_write
                0x0000000040100924                sdk_spi_flash_read
 .iram1.text    0x0000000040100978      0x129 ./build/open_esplibs_libmain.a(os_cpu_a.o)
                                        0x175 (size before relaxing)
                0x0000000040100978                vPortYield
                0x00000000401009b0                sdk__xt_int_enter
                0x00000000401009c8                sdk__xt_int_exit
                0x00000000401009f8                sdk__xt_timer_int
                0x0000000040100a34                sdk__xt_timer_int1
                0x0000000040100a48                sdk__xt_tick_timer_init
                0x0000000040100a74                sdk__xt_isr_unmask
                0x0000000040100a84                sdk__xt_isr_mask
                0x0000000040100a94                sdk__xt_read_ints
                0x0000000040100a9c                sdk__xt_clear_ints
 *fill*         0x0000000040100aa1        0x3 
 .iram1.text    0x0000000040100aa4        0xb ./build/open_esplibs_libmain.a(misc.o)
                0x0000000040100aa8                sdk_os_get_cpu_frequency
 *fill*         0x0000000040100aaf        0x1 
 .iram1.text    0x0000000040100ab0      0x1c2 ./build/open_esplibs_libnet80211.a(ieee80211_hostap.o)
                                        0x1d6 (size before relaxing)
 *fill*         0x0000000040100c72        0x2 
 .iram1.text    0x0000000040100c74       0x59 ./build/open_esplibs_libnet80211.a(ieee80211_input.o)
                0x0000000040100c80                sdk_ieee80211_deliver_data
 *fill*         0x0000000040100ccd        0x3 
 .iram1.text    0x0000000040100cd0       0x5c ./build/open_esplibs_libwpa.a(os_xtensa.o)
                                         0x68 (size before relaxing)
                0x0000000040100cd0                sdk_os_get_time
                0x0000000040100cd4                sdk_os_random
                0x0000000040100ce4                sdk_os_get_random
 .iram1.text    0x0000000040100d2c       0xdb ./build/freertos.a(port.o)
                                        0x103 (size before relaxing)
                0x0000000040100d34                SV_ISR
                0x0000000040100d7c                vPortEnterCritical
                0x0000000040100da4                vPortExitCritical
                0x0000000040100dd0                PendSV
 *fill*         0x0000000040100e07        0x1 
 .iram1.text    0x0000000040100e08       0xaa ./build/core.a(esp_interrupts.o)
                                         0xae (size before relaxing)
                0x0000000040100e0c                _xt_isr_attach
                0x0000000040100e20                _xt_isr_handler
 *fill*         0x0000000040100eb2        0x2 
 .iram1.text    0x0000000040100eb4      0x313 ./build/core.a(app_main.o)
                                        0x363 (size before relaxing)
                0x0000000040100edc                vApplicationStackOverflowHook
                0x0000000040100f08                vApplicationIdleHook
                0x0000000040100f2c                vApplicationTickHook
                0x0000000040100fb0                sdk_user_start
 *fill*         0x00000000401011c7        0x1 
 .iram1.text    0x00000000401011c8       0x1b ./build/core.a(sdk_compat.o)
                0x00000000401011cc                zalloc
 *fill*         0x00000000401011e3        0x1 
 .iram1.text    0x00000000401011e4       0x34 ./build/core.a(newlib_syscalls.o)
                0x00000000401011f0                _sbrk_r
 .iram1.text    0x0000000040101218        0xe ./build/core.a(esp_hwrand.o)
                                         0x12 (size before relaxing)
                0x0000000040101218                hwrand
 *fill*         0x0000000040101226        0x2 
 .iram1.text    0x0000000040101228       0xa0 ./build/core.a(debug_dumps.o)
                                         0xb8 (size before relaxing)
                0x0000000040101288                debug_exception_handler
                0x0000000040101288                fatal_exception_handler
                0x00000000401012a8                abort
 .iram1.text    0x00000000401012c8       0x67 ./build/core.a(spiflash-cache-enable.o)
                                         0x7b (size before relaxing)
                0x00000000401012d8                Cache_Read_Enable
 *fill*         0x000000004010132f        0x1 
 .iram1.text    0x0000000040101330      0x36b ./build/core.a(spiflash.o)
                                        0x41b (size before relaxing)
                0x0000000040101454                spiflash_write
                0x0000000040101530                spiflash_read
                0x0000000040101628                spiflash_erase_sector
 *fill*         0x000000004010169b        0x1 
 .iram1.text    0x000000004010169c       0x7c ./build/core.a(esp_gpio.o)
                0x00000000401016a4                gpio_interrupt_handler
 .iram1.text    0x0000000040101718       0x26 ./build/core.a(esp_iomux.o)
                0x000000004010171c                gpio_to_iomux
                0x0000000040101730                iomux_to_gpio
 *fill*         0x000000004010173e        0x0 
 *fill*         0x000000004010173e        0x0 
 *fill*         0x000000004010173e        0x0 
 *fill*         0x000000004010173e        0x2 
 .iram1.text    0x0000000040101740       0x3d ./build/open_esplibs_libmain.a(xtensa_context.o)
                0x0000000040101740                sdk__xt_context_save
                0x000000004010175c                sdk__xt_context_restore
 *fill*         0x000000004010177d        0x0 
 *fill*         0x000000004010177d        0x0 
 *fill*         0x000000004010177d        0x0 
 *fill*         0x000000004010177d        0x0 
 *fill*         0x000000004010177d        0x0 
 *fill*         0x000000004010177d        0x0 
 *fill*         0x000000004010177d        0x0 
 *fill*         0x000000004010177d        0x3 
 .iram1.data    0x0000000040101780        0x4 ./build/core.a(debug_dumps.o)
 *fill*         0x0000000040101784        0x0 
 *fill*         0x0000000040101784        0x0 
 *fill*         0x0000000040101784        0x0 
 .iram1.data    0x0000000040101784       0x80 ./build/core.a(esp_iomux.o)
 *sdklib*:*(.literal .text .literal.* .text.*)
 .text          0x0000000040101804        0xb ./build/sdklib/libnet80211.a(wl_chm.o)
                0x0000000040101808                sdk_chm_get_current_channel
 *fill*         0x000000004010180f        0x1 
 .text          0x0000000040101810       0x4f ./build/sdklib/libphy.a(phy.o)
                                         0x53 (size before relaxing)
                0x0000000040101818                sdk_register_phy_ops
                0x0000000040101838                sdk_phy_change_channel
                0x0000000040101854                sdk_phy_get_mactime
 *fill*         0x000000004010185f        0x1 
 .text          0x0000000040101860       0xf7 ./build/sdklib/libphy.a(phy_sleep.o)
                                        0x103 (size before relaxing)
                0x0000000040101870                sdk_pm_rtc_clock_cali
                0x000000004010192c                sdk_clockgate_watchdog
 *fill*         0x0000000040101957        0x1 
 .text          0x0000000040101958       0x94 ./build/sdklib/libpp.a(esf_buf.o)
                                         0xb4 (size before relaxing)
                0x000000004010195c                sdk_esf_rx_buf_alloc
 .text          0x00000000401019ec     0x14e0 ./build/sdklib/libpp.a(lmac.o)
                                       0x187c (size before relaxing)
                0x00000000401019f0                sdk_lmacIsActive
                0x0000000040101a04                sdk_lmacIsIdle
                0x0000000040101e4c                sdk_lmacSetAcParam
                0x0000000040101ee8                sdk_lmacProcessTXStartData
                0x0000000040102090                sdk_lmacProcessTxSuccess
                0x00000000401021d8                sdk_GetAccess
                0x00000000401021e4                sdk_lmacDiscardAgedMSDU
                0x00000000401021f8                sdk_lmacRecycleMPDU
                0x00000000401026d8                sdk_lmacProcessCollisions
                0x0000000040102734                sdk_lmacProcessCollision
                0x00000000401027b8                sdk_lmacMSDUAged
                0x0000000040102b3c                sdk_lmacProcessCtsTimeout
                0x0000000040102b84                sdk_lmacProcessAckTimeout
                0x0000000040102bd8                sdk_lmacProcessRtsStart
                0x0000000040102be4                sdk_lmacProcessTxRtsError
                0x0000000040102c7c                sdk_lmacProcessTxError
                0x0000000040102d00                sdk_lmacTxFrame
                0x0000000040102eb4                sdk_lmacRxDone
 .text          0x0000000040102ecc      0xe70 ./build/sdklib/libpp.a(pp.o)
                                       0x103c (size before relaxing)
                0x0000000040102efc                sdk_pp_soft_wdt_feed
                0x0000000040103010                sdk_ppProcessTxQ
                0x0000000040103100                sdk_ppFetchTxQFirstAvail
                0x0000000040103140                sdk_ppDequeueTxQ
                0x0000000040103168                sdk_ppRollBackTxQ
                0x000000004010318c                sdk_ppRecordBarRRC
                0x000000004010319c                sdk_ppTxqUpdateBitmap
                0x00000000401031c0                sdk_ppEnqueueTxDone
                0x00000000401031f4                sdk_ppEnqueueRxq
                0x00000000401039bc                sdk_ppDiscardMPDU
                0x00000000401039f0                sdk_MacIsrSigPostDefHdl
                0x0000000040103ae4                sdk_pp_post
                0x0000000040103be8                sdk_ppCalTxop
                0x0000000040103ccc                sdk_ppCalFrameTimes
 .text          0x0000000040103d3c       0xf5 ./build/sdklib/libpp.a(rate_control.o)
                                        0x109 (size before relaxing)
                0x0000000040103d5c                sdk_RC_GetAckRate
                0x0000000040103d68                sdk_RC_GetRtsRate
                0x0000000040103d78                sdk_RC_GetAckTime
                0x0000000040103d8c                sdk_RC_GetCtsTime
                0x0000000040103dc4                sdk_RC_GetBlockAckTime
 *fill*         0x0000000040103e31        0x3 
 .text          0x0000000040103e34      0x7f9 ./build/sdklib/libpp.a(trc.o)
                                        0x81d (size before relaxing)
                0x0000000040103fac                sdk_rcUpdateTxDone
                0x0000000040104040                sdk_rcUpdateRxDone
                0x000000004010409c                sdk_rcUpdateDataRxDone
                0x00000000401040b4                sdk_rcGetSched
                0x000000004010415c                sdk_rcGetRate
                0x0000000040104560                sdk_rcReachRetryLimit
                0x0000000040104578                sdk_trc_NeedRTS
 *fill*         0x000000004010462d        0x3 
 .text          0x0000000040104630     0x1163 ./build/sdklib/libpp.a(wdev.o)
                                       0x1473 (size before relaxing)
                0x0000000040104984                sdk_wDev_MacTimSetFunc
                0x00000000401049a4                sdk_wDev_MacTimArm
                0x0000000040104a48                sdk_wDev_MacTim1Arm
                0x0000000040104b24                sdk_wDev_ProcessFiq
                0x0000000040104ec8                sdk_wDev_EnableTransmit
                0x0000000040104f0c                sdk_wDev_DisableTransmit
                0x0000000040104f2c                sdk_Tx_Copy2Queue
                0x0000000040104f74                sdk_wDev_ProcessCollision
                0x0000000040104f98                sdk_wDev_GetTxqCollisions
                0x0000000040104fa8                sdk_wDev_ClearTxqCollisions
                0x0000000040104fc0                sdk_wDev_SetWaitingQueue
                0x000000004010500c                sdk_wDev_ClearWaitingQueue
                0x000000004010502c                sdk_wDev_SetFrameAckType
                0x0000000040105090                sdk_wDev_AppendRxBlocks
                0x0000000040105238                sdk_wDev_AppendRxAmpduLensBlocks
                0x0000000040105370                sdk_wDev_GetBAInfo
 *fill*         0x0000000040105793        0x1 
 .text          0x0000000040105794       0x25 ./build/sdklib/libnet80211.a(ieee80211_hostap.o)
 *fill*         0x00000000401057b9        0x0 
 *fill*         0x00000000401057b9        0x0 
 *fill*         0x00000000401057b9        0x3 
 .text          0x00000000401057bc        0x2 ./build/sdklib/libphy.a(phy_chip_v6.o)
                0x00000000401057bc                sdk_ram_tx_mac_disable
 *fill*         0x00000000401057be        0x0 
 *fill*         0x00000000401057be        0x0 
 *fill*         0x00000000401057be        0x0 
 *fill*         0x00000000401057be        0x0 
 *fill*         0x00000000401057be        0x2 
 .text          0x00000000401057c0       0x11 ./build/sdklib/libwpa.a(wpa_auth.o)
 *libgcc.a:*i3.o(.literal .text .literal.* .text.*)
 *fill*         0x00000000401057d1        0x3 
 .text          0x00000000401057d4       0x49 ./build/libgcc.a(_modsi3.o)
                0x00000000401057d4                __modsi3
 *fill*         0x000000004010581d        0x3 
 .text          0x0000000040105820       0x4c ./build/libgcc.a(_udivsi3.o)
                0x0000000040105820                __udivsi3
 .text          0x000000004010586c       0x18 ./build/libgcc.a(_ashrdi3.o)
                0x000000004010586c                __ashrdi3
 *libc.a:*malloc.o(.literal .text .literal.* .text.*)
 .literal       0x0000000040105884        0x4 ./build/libc.a(lib_a-malloc.o)
                                         0x10 (size before relaxing)
 .literal       0x0000000040105888        0x8 ./build/libc.a(lib_a-nano-mallocr.o)
                                         0x20 (size before relaxing)
 .literal       0x0000000040105890        0x0 ./build/libc.a(lib_a-nano-freer.o)
                                          0xc (size before relaxing)
 .literal       0x0000000040105890       0x28 ./build/libc.a(lib_a-rand.o)
                                         0x58 (size before relaxing)
 .literal       0x00000000401058b8        0xc ./build/libc.a(lib_a-mlock.o)
                                         0x10 (size before relaxing)
 .literal       0x00000000401058c4        0x0 ./build/libc.a(lib_a-printf.o)
                                          0xc (size before relaxing)
 .literal       0x00000000401058c4        0x0 ./build/libc.a(lib_a-sprintf.o)
                                         0x14 (size before relaxing)
 .literal       0x00000000401058c4        0x0 ./build/libc.a(lib_a-fprintf.o)
                                          0xc (size before relaxing)
 .literal       0x00000000401058c4       0x24 ./build/libc.a(lib_a-nano-svfprintf.o)
                                         0x54 (size before relaxing)
 .literal       0x00000000401058e8       0x1c ./build/libc.a(lib_a-nano-vfprintf.o)
                                         0x54 (size before relaxing)
 .literal       0x0000000040105904       0x48 ./build/libc.a(lib_a-findfp.o)
                                         0xa4 (size before relaxing)
 .literal       0x000000004010594c        0x8 ./build/libc.a(lib_a-fputwc.o)
                                         0x20 (size before relaxing)
 .text          0x0000000040105954       0x35 ./build/libc.a(lib_a-malloc.o)
                0x0000000040105954                malloc
                0x0000000040105970                free
 *libc.a:*mallocr.o(.literal .text .literal.* .text.*)
 *fill*         0x0000000040105989        0x3 
 .text          0x000000004010598c       0xed ./build/libc.a(lib_a-nano-mallocr.o)
                                         0xf1 (size before relaxing)
                0x000000004010598c                _malloc_r
 *fill*         0x0000000040105a79        0x0 
 *libc.a:*freer.o(.literal .text .literal.* .text.*)
 *fill*         0x0000000040105a79        0x3 
 .text          0x0000000040105a7c       0xb1 ./build/libc.a(lib_a-nano-freer.o)
                0x0000000040105a7c                _free_r
 *fill*         0x0000000040105b2d        0x0 
 *libc.a:*memcpy.o(.literal .text .literal.* .text.*)
 *libc.a:*memset.o(.literal .text .literal.* .text.*)
 *libc.a:*memcmp.o(.literal .text .literal.* .text.*)
 *libc.a:*memmove.o(.literal .text .literal.* .text.*)
 *libc.a:*rand.o(.literal .text .literal.* .text.*)
 *fill*         0x0000000040105b2d        0x3 
 .text          0x0000000040105b30       0xdd ./build/libc.a(lib_a-rand.o)
                                         0xe1 (size before relaxing)
                0x0000000040105b30                srand
                0x0000000040105b94                rand
 *fill*         0x0000000040105c0d        0x0 
 *libc.a:*bzero.o(.literal .text .literal.* .text.*)
 *libc.a:*lock.o(.literal .text .literal.* .text.*)
 *fill*         0x0000000040105c0d        0x3 
 .text          0x0000000040105c10       0x2d ./build/libc.a(lib_a-mlock.o)
                0x0000000040105c10                __malloc_lock
                0x0000000040105c28                __malloc_unlock
 *fill*         0x0000000040105c3d        0x0 
 *libc.a:*-printf.o(.literal .text .literal.* .text.*)
 *fill*         0x0000000040105c3d        0x3 
 .text          0x0000000040105c40       0x61 ./build/libc.a(lib_a-printf.o)
                                         0x65 (size before relaxing)
                0x0000000040105c40                _printf_r
                0x0000000040105c40                _iprintf_r
                0x0000000040105c6c                printf
                0x0000000040105c6c                iprintf
 *fill*         0x0000000040105ca1        0x0 
 *libc.a:*-sprintf.o(.literal .text .literal.* .text.*)
 *fill*         0x0000000040105ca1        0x3 
 .text          0x0000000040105ca4       0xb5 ./build/libc.a(lib_a-sprintf.o)
                                         0xb9 (size before relaxing)
                0x0000000040105ca4                _siprintf_r
                0x0000000040105ca4                _sprintf_r
                0x0000000040105cfc                sprintf
                0x0000000040105cfc                siprintf
 *fill*         0x0000000040105d59        0x0 
 *libc.a:*-fprintf.o(.literal .text .literal.* .text.*)
 *fill*         0x0000000040105d59        0x3 
 .text          0x0000000040105d5c       0x57 ./build/libc.a(lib_a-fprintf.o)
                                         0x5b (size before relaxing)
                0x0000000040105d5c                _fprintf_r
                0x0000000040105d5c                _fiprintf_r
                0x0000000040105d80                fprintf
                0x0000000040105d80                fiprintf
 *fill*         0x0000000040105db3        0x0 
 *libc.a:*-svfprintf.o(.literal .text .literal.* .text.*)
 *fill*         0x0000000040105db3        0x1 
 .text          0x0000000040105db4      0x4c5 ./build/libc.a(lib_a-nano-svfprintf.o)
                0x0000000040105db4                __ssputs_r
                0x0000000040105eb0                __ssprint_r
                0x0000000040105fe4                _svfprintf_r
                0x0000000040105fe4                _svfiprintf_r
 *fill*         0x0000000040106279        0x0 
 *libc.a:*-vfprintf.o(.literal .text .literal.* .text.*)
 *fill*         0x0000000040106279        0x3 
 .text          0x000000004010627c      0x43b ./build/libc.a(lib_a-nano-vfprintf.o)
                                        0x43f (size before relaxing)
                0x00000000401062b4                __sfputs_r
                0x0000000040106324                __sprint_r
                0x00000000401063b4                _vfiprintf_r
                0x00000000401063b4                _vfprintf_r
                0x0000000040106690                vfiprintf
                0x0000000040106690                vfprintf
 *fill*         0x00000000401066b7        0x0 
 *libc.a:*findfp.o(.literal .text .literal.* .text.*)
 *fill*         0x00000000401066b7        0x1 
 .text          0x00000000401066b8      0x317 ./build/libc.a(lib_a-findfp.o)
                0x0000000040106710                _cleanup_r
                0x00000000401067a8                __sfmoreglue
                0x00000000401067f0                _cleanup
                0x0000000040106804                __sfp_lock_acquire
                0x000000004010681c                __sfp_lock_release
                0x0000000040106834                __sinit_lock_acquire
                0x000000004010684c                __sinit_lock_release
                0x0000000040106864                __sinit
                0x00000000401068e0                __sfp
                0x0000000040106990                __fp_lock_all
                0x00000000401069b0                __fp_unlock_all
 *fill*         0x00000000401069cf        0x0 
 *libc.a:*fputwc.o(.literal .text .literal.* .text.*)
 *fill*         0x00000000401069cf        0x1 
 .text          0x00000000401069d0      0x152 ./build/libc.a(lib_a-fputwc.o)
                                        0x156 (size before relaxing)
                0x00000000401069d0                __fputwc
                0x0000000040106a78                _fputwc_r
                0x0000000040106aec                fputwc
 *fill*         0x0000000040106b22        0x0 
 *(.stub .gnu.warning .gnu.linkonce.literal.* .gnu.linkonce.t.*.literal .gnu.linkonce.t.*)
 *(.fini.literal)
 *(.fini)
 *(.gnu.version)
                0x0000000040106b22                _text_end = ABSOLUTE (.)
                0x0000000040106b22                _etext = .

.data           0x000000003ffe8000      0xef0
                0x000000003ffe8000                _data_start = ABSOLUTE (.)
 *(.data)
 .data          0x000000003ffe8000        0x8 ./build/core.a(spiflash-cache-enable.o)
                0x000000003ffe8000                rboot_megabyte
 .data          0x000000003ffe8008       0xf4 ./build/libc.a(lib_a-impure.o)
                0x000000003ffe8008                _impure_ptr
 .data          0x000000003ffe80fc      0x16c ./build/libc.a(lib_a-locale.o)
                0x000000003ffe80fc                __global_locale
 .data          0x000000003ffe8268        0x1 ./build/sdklib/libmain.a(user_interface.o)
 *fill*         0x000000003ffe8269        0x3 
 .data          0x000000003ffe826c      0x1a8 ./build/sdklib/libnet80211.a(ieee80211_phy.o)
 *fill*         0x000000003ffe8414        0x4 
 .data          0x000000003ffe8418        0x6 ./build/sdklib/libnet80211.a(ieee80211_proto.o)
                0x000000003ffe8418                sdk_ieee80211_addr_bcast
 *fill*         0x000000003ffe841e        0x2 
 .data          0x000000003ffe8420       0x1c ./build/sdklib/libnet80211.a(ieee80211_action.o)
 *fill*         0x000000003ffe843c        0x4 
 .data          0x000000003ffe8440       0x53 ./build/sdklib/libphy.a(phy_chip_v6.o)
                0x000000003ffe8442                sdk_tx_rf_ana_gain
                0x000000003ffe8464                sdk_tx_pwctrl_atten_init_en
                0x000000003ffe8470                sdk_rx_gain_swp
                0x000000003ffe8490                sdk_test_rffreq_txcap
 *fill*         0x000000003ffe8493        0xd 
 .data          0x000000003ffe84a0       0x90 ./build/sdklib/libphy.a(phy_chip_v6_cal.o)
                0x000000003ffe84a0                sdk_dpd_index
                0x000000003ffe8500                sdk_dpd_db2linear
 .data          0x000000003ffe8530        0x4 ./build/sdklib/libphy.a(phy_sleep.o)
                0x000000003ffe8530                sdk_chip_version
 .data          0x000000003ffe8534      0x11c ./build/sdklib/libphy.a(phy_chip_v5_romfunc.o)
                0x000000003ffe8534                sdk_g_phyFuns
                0x000000003ffe8538                sdk_g_phyFuns_instance
 .data          0x000000003ffe8650        0x7 ./build/sdklib/libphy.a(phy_chip_v5_cal_romfunc.o)
 *fill*         0x000000003ffe8657        0x1 
 .data          0x000000003ffe8658        0x1 ./build/sdklib/libpp.a(pm.o)
 *fill*         0x000000003ffe8659        0x3 
 .data          0x000000003ffe865c       0x10 ./build/sdklib/libpp.a(pp.o)
                0x000000003ffe865c                sdk_NoiseTimerInterval
                0x000000003ffe8664                sdk_sleep_start_wait_time
 *fill*         0x000000003ffe866c        0x4 
 .data          0x000000003ffe8670       0x40 ./build/sdklib/libpp.a(rate_control.o)
 .data          0x000000003ffe86b0      0x22c ./build/sdklib/libpp.a(trc.o)
 *fill*         0x000000003ffe88dc        0x4 
 .data          0x000000003ffe88e0       0x10 ./build/sdklib/libpp.a(wdev.o)
 .data          0x000000003ffe88f0       0x18 ./build/sdklib/libnet80211.a(ieee80211_crypto_ccmp.o)
                0x000000003ffe88f0                sdk_ccmp
 .data          0x000000003ffe8908       0x18 ./build/sdklib/libnet80211.a(ieee80211_crypto_tkip.o)
                0x000000003ffe8908                sdk_tkip
 .data          0x000000003ffe8920       0x18 ./build/sdklib/libnet80211.a(ieee80211_crypto_wep.o)
                0x000000003ffe8920                sdk_wep
 *(.data.*)
 .data.sdk_dhcpc_flag
                0x000000003ffe8938        0x4 ./build/open_esplibs_libmain.a(user_interface.o)
                0x000000003ffe8938                sdk_dhcpc_flag
 .data.sdk_flashchip
                0x000000003ffe893c       0x18 ./build/open_esplibs_libmain.a(spi_flash.o)
                0x000000003ffe893c                sdk_flashchip
 .data.cpu_freq
                0x000000003ffe8954        0x4 ./build/open_esplibs_libmain.a(misc.o)
 .data.iss$5640
                0x000000003ffe8958        0x4 ./build/lwip.a(tcp.o)
 .data.tcp_port
                0x000000003ffe895c        0x2 ./build/lwip.a(tcp.o)
 .data.udp_port
                0x000000003ffe895e        0x2 ./build/lwip.a(udp.o)
 .data.current_stdout_write_r
                0x000000003ffe8960        0x4 ./build/core.a(newlib_syscalls.o)
 .data.config   0x000000003ffe8964       0x20 ./build/program.a(main.o)
                0x000000003ffe8964                config
 .data.accessories
                0x000000003ffe8984        0x8 ./build/program.a(main.o)
                0x000000003ffe8984                accessories
 .data.__compound_literal$12
                0x000000003ffe898c       0x10 ./build/program.a(main.o)
 .data.__compound_literal$11
                0x000000003ffe899c        0xc ./build/program.a(main.o)
 .data.__compound_literal$10
                0x000000003ffe89a8       0x18 ./build/program.a(main.o)
 .data.__compound_literal$9
                0x000000003ffe89c0        0xc ./build/program.a(main.o)
 .data.__compound_literal$8
                0x000000003ffe89cc       0x60 ./build/program.a(main.o)
 .data.__compound_literal$7
                0x000000003ffe8a2c       0x18 ./build/program.a(main.o)
 .data.__compound_literal$6
                0x000000003ffe8a44       0x1c ./build/program.a(main.o)
 .data.__compound_literal$5
                0x000000003ffe8a60       0x60 ./build/program.a(main.o)
 .data.__compound_literal$4
                0x000000003ffe8ac0       0x60 ./build/program.a(main.o)
 .data.__compound_literal$3
                0x000000003ffe8b20       0x60 ./build/program.a(main.o)
 .data.__compound_literal$2
                0x000000003ffe8b80       0x60 ./build/program.a(main.o)
 .data.__compound_literal$1
                0x000000003ffe8be0       0x60 ./build/program.a(main.o)
 .data.name     0x000000003ffe8c40       0x60 ./build/program.a(main.o)
                0x000000003ffe8c40                name
 .data.switch_on
                0x000000003ffe8ca0       0x60 ./build/program.a(main.o)
                0x000000003ffe8ca0                switch_on
 .data.__compound_literal$0
                0x000000003ffe8d00        0xc ./build/program.a(main.o)
 .data.wifi_config_http_parser_settings
                0x000000003ffe8d0c       0x28 ./build/wifi_config.a(wifi_config.o)
 .data.html_settings_footer
                0x000000003ffe8d34        0x4 ./build/wifi_config.a(wifi_config.o)
                0x000000003ffe8d34                html_settings_footer
 .data.html_network_item
                0x000000003ffe8d38        0x4 ./build/wifi_config.a(wifi_config.o)
                0x000000003ffe8d38                html_network_item
 .data.html_settings_header
                0x000000003ffe8d3c        0x4 ./build/wifi_config.a(wifi_config.o)
                0x000000003ffe8d3c                html_settings_header
 .data.http_headers$7321
                0x000000003ffe8d40       0x55 ./build/homekit.a(server.o)
 *fill*         0x000000003ffe8d95        0x3 
 .data.response$7311
                0x000000003ffe8d98       0x1b ./build/homekit.a(server.o)
 *fill*         0x000000003ffe8db3        0x1 
 .data.response$7307
                0x000000003ffe8db4       0x1c ./build/homekit.a(server.o)
 .data.homekit_http_parser_settings
                0x000000003ffe8dd0       0x28 ./build/homekit.a(server.o)
 .data.json_207_response_headers
                0x000000003ffe8df8       0x76 ./build/homekit.a(server.o)
 *fill*         0x000000003ffe8e6e        0x2 
 .data.json_200_response_headers
                0x000000003ffe8e70       0x6c ./build/homekit.a(server.o)
 .data.mdns_port
                0x000000003ffe8edc        0x4 ./build/homekit.a(port.o)
 .data.network_down
                0x000000003ffe8ee0        0x1 ./build/homekit.a(mdnsresponder.o)
 *fill*         0x000000003ffe8ee1        0x3 
 .data.global_hooks
                0x000000003ffe8ee4        0xc ./build/cjson.a(cJSON.o)
 *(.gnu.linkonce.d.*)
 *(.data1)
 *(.sdata)
 *(.sdata.*)
 *(.gnu.linkonce.s.*)
 *(.sdata2)
 *(.sdata2.*)
 *(.gnu.linkonce.s2.*)
 *(.jcr)
                0x000000003ffe8ef0                _data_end = ABSOLUTE (.)

.rodata         0x000000003ffe8ef0      0x900
                0x000000003ffe8ef0                _rodata_start = ABSOLUTE (.)
 *core.a:*(.rodata.* .rodata)
 .rodata.str1.4
                0x000000003ffe8ef0      0x19f ./build/core.a(app_main.o)
 *fill*         0x000000003ffe908f        0x1 
 .rodata.CSWTCH$29
                0x000000003ffe9090       0x24 ./build/core.a(app_main.o)
 .rodata.CSWTCH$28
                0x000000003ffe90b4       0x40 ./build/core.a(app_main.o)
 .rodata.str1.4
                0x000000003ffe90f4      0x1cc ./build/core.a(debug_dumps.o)
 .rodata        0x000000003ffe92c0       0x1c ./build/core.a(exception_vectors.o)
 *libc.a:*.o(.rodata.* .rodata)
 .rodata        0x000000003ffe92dc        0x4 ./build/libc.a(lib_a-impure.o)
                0x000000003ffe92dc                _global_impure_ptr
 .rodata.str1.1
                0x000000003ffe92e0        0xa ./build/libc.a(lib_a-locale.o)
                                          0xb (size before relaxing)
 .rodata.str1.1
                0x000000003ffe92ea       0x21 ./build/libc.a(lib_a-mstats.o)
 .rodata.str1.1
                0x000000003ffe930b       0x4b ./build/libc.a(lib_a-nano-mallstatsr.o)
 .rodata.str1.1
                0x000000003ffe9356       0x10 ./build/libc.a(lib_a-nano-vfprintf_float.o)
                                         0x12 (size before relaxing)
 .rodata.str1.1
                0x000000003ffe9366       0x22 ./build/libc.a(lib_a-nano-vfprintf_i.o)
 .rodata.str1.1
                0x000000003ffe9388        0x5 ./build/libc.a(lib_a-nano-vfscanf_float.o)
 .rodata.str1.1
                0x000000003ffe938d        0x5 ./build/libc.a(lib_a-puts.o)
                                          0x2 (size before relaxing)
 .rodata.str1.1
                0x000000003ffe938d        0x5 ./build/libc.a(lib_a-strtod.o)
                                          0xc (size before relaxing)
 *fill*         0x000000003ffe938d        0x3 
 .rodata        0x000000003ffe9390       0x70 ./build/libc.a(lib_a-strtod.o)
 .rodata        0x000000003ffe9400      0x101 ./build/libc.a(lib_a-ctype_.o)
                0x000000003ffe9400                _ctype_
 .rodata.str1.1
                0x000000003ffe9501        0xd ./build/libc.a(lib_a-dtoa.o)
                                          0xf (size before relaxing)
 *fill*         0x000000003ffe950e        0x2 
 .rodata        0x000000003ffe9510      0x128 ./build/libc.a(lib_a-mprec.o)
                0x000000003ffe9520                __mprec_tinytens
                0x000000003ffe9548                __mprec_bigtens
                0x000000003ffe9570                __mprec_tens
 .rodata.str1.1
                0x000000003ffe9638       0x11 ./build/libc.a(lib_a-nano-svfprintf.o)
 .rodata.str1.1
                0x000000003ffe9649       0x11 ./build/libc.a(lib_a-nano-vfprintf.o)
 .rodata.str1.1
                0x000000003ffe9649       0x3c ./build/libc.a(lib_a-assert.o)
                                         0x3d (size before relaxing)
 .rodata.str1.1
                0x000000003ffe9685        0x4 ./build/libc.a(lib_a-nano-svfscanf.o)
 .rodata.str1.1
                0x000000003ffe9685       0x1b ./build/libc.a(lib_a-nano-vfscanf_i.o)
 .rodata        0x000000003ffe96a0        0xc ./build/libc.a(lib_a-nano-vfscanf_i.o)
 *freertos.a:*(.rodata.* .rodata)
 .rodata.str1.4
                0x000000003ffe96ac       0x31 ./build/freertos.a(tasks.o)
 *fill*         0x000000003ffe96dd        0x3 
 .rodata.xTaskGenericNotify
                0x000000003ffe96e0       0x14 ./build/freertos.a(tasks.o)
 .rodata.xTaskGenericNotifyFromISR
                0x000000003ffe96f4       0x14 ./build/freertos.a(tasks.o)
 .rodata.str1.4
                0x000000003ffe9708       0x34 ./build/freertos.a(timers.o)
 .rodata.prvTimerTask
                0x000000003ffe973c       0x28 ./build/freertos.a(timers.o)
 .rodata.str1.4
                0x000000003ffe9764       0x4f ./build/freertos.a(port.o)
 *fill*         0x000000003ffe97b3        0x1 
 .rodata.str1.4
                0x000000003ffe97b4       0x2b ./build/freertos.a(queue.o)
 *libmain.a:spi_flash.o(.rodata.* .rodata)
 *libpp.a:wdev.o(.rodata.* .rodata)
 *fill*         0x000000003ffe97df        0x1 
 .rodata.str1.4
                0x000000003ffe97e0       0x10 ./build/sdklib/libpp.a(wdev.o)
                                          0xf (size before relaxing)
                0x000000003ffe97f0                _rodata_end = ABSOLUTE (.)

.bss            0x000000003ffe97f0     0x85b0
                0x000000003ffe97f0                . = ALIGN (0x8)
                0x000000003ffe97f0                _bss_start = ABSOLUTE (.)
 *(.dynsbss)
 *(.sbss)
 *(.sbss.*)
 *(.gnu.linkonce.sb.*)
 *(.scommon)
 *(.sbss2)
 *(.sbss2.*)
 *(.gnu.linkonce.sb2.*)
 *(.dynbss)
 *(.bss)
 .bss           0x000000003ffe97f0      0x228 ./build/core.a(exception_vectors.o)
                0x000000003ffe9a04                debug_saved_ctx
 .bss           0x000000003ffe9a18        0xc ./build/libc.a(lib_a-arc4random.o)
                0x000000003ffe9a18                __arc4random_mutex
 .bss           0x000000003ffe9a24        0x4 ./build/libc.a(lib_a-__call_atexit.o)
                0x000000003ffe9a24                __atexit_recursive_mutex
 .bss           0x000000003ffe9a28        0x4 ./build/libc.a(lib_a-envlock.o)
                0x000000003ffe9a28                __env_recursive_mutex
 .bss           0x000000003ffe9a2c        0x8 ./build/libc.a(lib_a-findfp.o)
                0x000000003ffe9a2c                __sinit_recursive_mutex
                0x000000003ffe9a30                __sfp_recursive_mutex
 .bss           0x000000003ffe9a34        0x4 ./build/libc.a(lib_a-mlock.o)
                0x000000003ffe9a34                __malloc_recursive_mutex
 .bss           0x000000003ffe9a38       0x28 ./build/libc.a(lib_a-nano-mallinfor.o)
                0x000000003ffe9a38                __malloc_current_mallinfo
 .bss           0x000000003ffe9a60        0x8 ./build/libc.a(lib_a-nano-mallocr.o)
                0x000000003ffe9a60                __malloc_sbrk_start
                0x000000003ffe9a64                __malloc_free_list
 .bss           0x000000003ffe9a68        0x8 ./build/libc.a(lib_a-quick_exit.o)
                0x000000003ffe9a68                __at_quick_exit_mutex
 .bss           0x000000003ffe9a70        0x4 ./build/libc.a(lib_a-tzlock.o)
                0x000000003ffe9a70                __tz_mutex
 *fill*         0x000000003ffe9a74        0xc 
 .bss           0x000000003ffe9a80      0x131 ./build/sdklib/libmain.a(user_interface.o)
 *fill*         0x000000003ffe9bb1        0x3 
 .bss           0x000000003ffe9bb4      0x54c ./build/sdklib/libnet80211.a(ieee80211.o)
                0x000000003ffe9bb4                sdk_g_ic
                0x000000003ffea0fc                sdk_xieee80211Queue
 .bss           0x000000003ffea100       0x28 ./build/sdklib/libnet80211.a(ieee80211_hostap.o)
                0x000000003ffea120                sdk_TmpSTAAPCloseAP
                0x000000003ffea121                sdk_PendFreeBcnEb
 .bss           0x000000003ffea128       0xe4 ./build/sdklib/libnet80211.a(ieee80211_scan.o)
                0x000000003ffea128                sdk_gScanStruct
                0x000000003ffea1ec                sdk_auth_type
                0x000000003ffea1ee                sdk_scannum
 .bss           0x000000003ffea20c       0x44 ./build/sdklib/libnet80211.a(wl_chm.o)
 .bss           0x000000003ffea250      0x780 ./build/sdklib/libnet80211.a(wl_cnx.o)
                0x000000003ffea9b0                sdk_sta_con_timer
                0x000000003ffea9cc                sdk_g_cnx_probe_rc_list_cb
 .bss           0x000000003ffea9d0        0x4 ./build/sdklib/libphy.a(phy.o)
 *fill*         0x000000003ffea9d4        0xc 
 .bss           0x000000003ffea9e0      0x38b ./build/sdklib/libphy.a(phy_chip_v6.o)
                0x000000003ffea9e0                sdk_rxiq_compute_num
                0x000000003ffea9e4                sdk_rxdc_init_flag
                0x000000003ffea9e8                sdk_check_result
                0x000000003ffea9ec                sdk_chip6_sleep_params
                0x000000003ffeabc4                sdk_chip6_phy_init_ctrl
                0x000000003ffeac32                sdk_phy_freq_offset
                0x000000003ffeac34                sdk_do_pwctrl_flag
                0x000000003ffeac35                sdk_pwctrl_debug
                0x000000003ffeac36                sdk_txbk_dpdby_flag
                0x000000003ffeac38                sdk_sw_scan_mode
                0x000000003ffeac4c                sdk_periodic_cal_dc_num
                0x000000003ffeac50                sdk_periodic_cal_flag
                0x000000003ffeac51                sdk_bbpll_cal_flag
                0x000000003ffeac52                sdk_deep_sleep_en
                0x000000003ffeac58                sdk_noise_array
                0x000000003ffead60                sdk_tx_pwctrl_atten_init
 *fill*         0x000000003ffead6b        0x1 
 .bss           0x000000003ffead6c        0x6 ./build/sdklib/libphy.a(phy_chip_v6_cal.o)
                0x000000003ffead6c                sdk_loop_pwctrl_pwdet_error_accum_high_power
                0x000000003ffead6e                sdk_tx_pwctrl_pk_num
                0x000000003ffead6f                sdk_loop_pwctrl_correct_atten_high_power
                0x000000003ffead70                sdk_tx_pwctrl_set_chan_flag
                0x000000003ffead71                sdk_rxiq_cover_fail_num
 *fill*         0x000000003ffead72        0x2 
 .bss           0x000000003ffead74        0x4 ./build/sdklib/libphy.a(phy_sleep.o)
                0x000000003ffead74                sdk_periodic_cal_sat
                0x000000003ffead75                sdk_software_slp_reject
                0x000000003ffead76                sdk_SDIO_slp_reject
                0x000000003ffead77                sdk_hardware_reject
 *fill*         0x000000003ffead78        0x8 
 .bss           0x000000003ffead80     0x11e8 ./build/sdklib/libpp.a(esf_buf.o)
 *fill*         0x000000003ffebf68        0x8 
 .bss           0x000000003ffebf70       0x30 ./build/sdklib/libpp.a(if_hwctrl.o)
                0x000000003ffebf70                sdk_interface_mask
                0x000000003ffebf80                sdk_if_ctrl
 .bss           0x000000003ffebfa0      0x150 ./build/sdklib/libpp.a(lmac.o)
                0x000000003ffebfa4                sdk_lmacConfMib
 .bss           0x000000003ffec0f0      0x149 ./build/sdklib/libpp.a(pm.o)
 *fill*         0x000000003ffec239        0x7 
 .bss           0x000000003ffec240      0x352 ./build/sdklib/libpp.a(pp.o)
                0x000000003ffec268                sdk_pend_flag_noise_check
                0x000000003ffec270                sdk_pend_flag_periodic_cal
                0x000000003ffec294                sdk_dbg_stop_sw_wdt
                0x000000003ffec295                sdk_dbg_stop_hw_wdt
 *fill*         0x000000003ffec592        0xe 
 .bss           0x000000003ffec5a0      0x100 ./build/sdklib/libpp.a(rate_control.o)
 .bss           0x000000003ffec6a0      0x268 ./build/sdklib/libpp.a(trc.o)
 *fill*         0x000000003ffec908        0x8 
 .bss           0x000000003ffec910     0x4721 ./build/sdklib/libpp.a(wdev.o)
                0x000000003ffec910                sdk_wDevCtrl
                0x000000003ffecab4                sdk_NMIIrqIsOn
                0x000000003ffecab8                sdk_WdevTimOffSet
 *fill*         0x000000003fff1031        0xf 
 .bss           0x000000003fff1040      0x27a ./build/sdklib/libwpa.a(wpa.o)
 *fill*         0x000000003fff12ba        0x6 
 .bss           0x000000003fff12c0       0xb0 ./build/sdklib/libwpa.a(aes-internal-dec.o)
 .bss           0x000000003fff1370        0x8 ./build/sdklib/libnet80211.a(ieee80211_crypto_tkip.o)
 *(.bss.*)
 .bss.task_handle
                0x000000003fff1378        0x4 ./build/open_esplibs_libmain.a(ets_timer.o)
 .bss.timer_list
                0x000000003fff137c        0x4 ./build/open_esplibs_libmain.a(ets_timer.o)
 .bss.armed_timer_count
                0x000000003fff1380        0x1 ./build/open_esplibs_libmain.a(timers.o)
 *fill*         0x000000003fff1381        0x3 
 .bss.timer_list
                0x000000003fff1384        0x4 ./build/open_esplibs_libmain.a(timers.o)
 .bss.hostap_timer_parg
                0x000000003fff1388        0x4 ./build/open_esplibs_libnet80211.a(ieee80211_hostap.o)
 .bss.hostap_timer
                0x000000003fff138c       0x1c ./build/open_esplibs_libnet80211.a(ieee80211_hostap.o)
 .bss.hostap_flags
                0x000000003fff13a8        0x1 ./build/open_esplibs_libnet80211.a(ieee80211_hostap.o)
 *fill*         0x000000003fff13a9        0x3 
 .bss.pp_zeros  0x000000003fff13ac       0x20 ./build/open_esplibs_libpp.a(pp.o)
 .bss.uxSchedulerSuspended
                0x000000003fff13cc        0x4 ./build/freertos.a(tasks.o)
 .bss.xIdleTaskHandle
                0x000000003fff13d0        0x4 ./build/freertos.a(tasks.o)
 .bss.xNextTaskUnblockTime
                0x000000003fff13d4        0x4 ./build/freertos.a(tasks.o)
 .bss.uxTaskNumber
                0x000000003fff13d8        0x4 ./build/freertos.a(tasks.o)
 .bss.xNumOfOverflows
                0x000000003fff13dc        0x4 ./build/freertos.a(tasks.o)
 .bss.xYieldPending
                0x000000003fff13e0        0x4 ./build/freertos.a(tasks.o)
 .bss.uxPendedTicks
                0x000000003fff13e4        0x4 ./build/freertos.a(tasks.o)
 .bss.xSchedulerRunning
                0x000000003fff13e8        0x4 ./build/freertos.a(tasks.o)
 .bss.uxTopReadyPriority
                0x000000003fff13ec        0x4 ./build/freertos.a(tasks.o)
 .bss.xTickCount
                0x000000003fff13f0        0x4 ./build/freertos.a(tasks.o)
 .bss.uxCurrentNumberOfTasks
                0x000000003fff13f4        0x4 ./build/freertos.a(tasks.o)
 .bss.xSuspendedTaskList
                0x000000003fff13f8       0x14 ./build/freertos.a(tasks.o)
 .bss.uxDeletedTasksWaitingCleanUp
                0x000000003fff140c        0x4 ./build/freertos.a(tasks.o)
 .bss.xTasksWaitingTermination
                0x000000003fff1410       0x14 ./build/freertos.a(tasks.o)
 .bss.xPendingReadyList
                0x000000003fff1424       0x14 ./build/freertos.a(tasks.o)
 .bss.pxOverflowDelayedTaskList
                0x000000003fff1438        0x4 ./build/freertos.a(tasks.o)
 .bss.pxDelayedTaskList
                0x000000003fff143c        0x4 ./build/freertos.a(tasks.o)
 .bss.xDelayedTaskList2
                0x000000003fff1440       0x14 ./build/freertos.a(tasks.o)
 .bss.xDelayedTaskList1
                0x000000003fff1454       0x14 ./build/freertos.a(tasks.o)
 .bss.pxReadyTasksLists
                0x000000003fff1468      0x12c ./build/freertos.a(tasks.o)
 .bss.pxCurrentTCB
                0x000000003fff1594        0x4 ./build/freertos.a(tasks.o)
                0x000000003fff1594                pxCurrentTCB
 .bss.xLastTime$3546
                0x000000003fff1598        0x4 ./build/freertos.a(timers.o)
 .bss.xTimerTaskHandle
                0x000000003fff159c        0x4 ./build/freertos.a(timers.o)
 .bss.xTimerQueue
                0x000000003fff15a0        0x4 ./build/freertos.a(timers.o)
 .bss.pxOverflowTimerList
                0x000000003fff15a4        0x4 ./build/freertos.a(timers.o)
 .bss.pxCurrentTimerList
                0x000000003fff15a8        0x4 ./build/freertos.a(timers.o)
 .bss.xActiveTimerList2
                0x000000003fff15ac       0x14 ./build/freertos.a(timers.o)
 .bss.xActiveTimerList1
                0x000000003fff15c0       0x14 ./build/freertos.a(timers.o)
 .bss.uxCriticalNesting
                0x000000003fff15d4        0x4 ./build/freertos.a(port.o)
 .bss.pending_maclayer_sv
                0x000000003fff15d8        0x4 ./build/freertos.a(port.o)
 .bss.pending_soft_sv
                0x000000003fff15dc        0x4 ./build/freertos.a(port.o)
 .bss.critical_nesting
                0x000000003fff15e0        0x4 ./build/lwip.a(sys_arch.o)
 .bss.tcpip_mbox
                0x000000003fff15e4        0x4 ./build/lwip.a(tcpip.o)
 .bss.tcpip_init_done_arg
                0x000000003fff15e8        0x4 ./build/lwip.a(tcpip.o)
 .bss.tcpip_init_done
                0x000000003fff15ec        0x4 ./build/lwip.a(tcpip.o)
 .bss.tcp_timer_ctr
                0x000000003fff15f0        0x1 ./build/lwip.a(tcp.o)
 .bss.tcp_timer
                0x000000003fff15f1        0x1 ./build/lwip.a(tcp.o)
 *fill*         0x000000003fff15f2        0x2 
 .bss.tcpip_tcp_timer_active
                0x000000003fff15f4        0x4 ./build/lwip.a(timeouts.o)
 .bss.current_timeout_due_time
                0x000000003fff15f8        0x4 ./build/lwip.a(timeouts.o)
 .bss.next_timeout
                0x000000003fff15fc        0x4 ./build/lwip.a(timeouts.o)
 .bss.dns_servers
                0x000000003fff1600        0x8 ./build/lwip.a(dns.o)
 .bss.dns_requests
                0x000000003fff1608        0xc ./build/lwip.a(dns.o)
 .bss.dns_table
                0x000000003fff1614       0x94 ./build/lwip.a(dns.o)
 .bss.dns_pcbs  0x000000003fff16a8        0x4 ./build/lwip.a(dns.o)
 .bss.recv_data
                0x000000003fff16ac        0x4 ./build/lwip.a(tcp_in.o)
 .bss.recv_flags
                0x000000003fff16b0        0x1 ./build/lwip.a(tcp_in.o)
 .bss.flags     0x000000003fff16b1        0x1 ./build/lwip.a(tcp_in.o)
 .bss.tcplen    0x000000003fff16b2        0x2 ./build/lwip.a(tcp_in.o)
 .bss.recv_acked
                0x000000003fff16b4        0x2 ./build/lwip.a(tcp_in.o)
 *fill*         0x000000003fff16b6        0x2 
 .bss.ackno     0x000000003fff16b8        0x4 ./build/lwip.a(tcp_in.o)
 .bss.seqno     0x000000003fff16bc        0x4 ./build/lwip.a(tcp_in.o)
 .bss.tcp_optidx
                0x000000003fff16c0        0x2 ./build/lwip.a(tcp_in.o)
 *fill*         0x000000003fff16c2        0x2 
 .bss.tcphdr_opt2
                0x000000003fff16c4        0x4 ./build/lwip.a(tcp_in.o)
 .bss.tcphdr_opt1len
                0x000000003fff16c8        0x2 ./build/lwip.a(tcp_in.o)
 .bss.tcphdr_optlen
                0x000000003fff16ca        0x2 ./build/lwip.a(tcp_in.o)
 .bss.tcphdr    0x000000003fff16cc        0x4 ./build/lwip.a(tcp_in.o)
 .bss.inseg     0x000000003fff16d0       0x10 ./build/lwip.a(tcp_in.o)
 .bss.netif_num
                0x000000003fff16e0        0x1 ./build/lwip.a(netif.o)
 *fill*         0x000000003fff16e1        0x1 
 .bss.ip_reass_pbufcount
                0x000000003fff16e2        0x2 ./build/lwip.a(ip4_frag.o)
 .bss.reassdatagrams
                0x000000003fff16e4        0x4 ./build/lwip.a(ip4_frag.o)
 .bss.xid$4581  0x000000003fff16e8        0x4 ./build/lwip.a(dhcp.o)
 .bss.dhcp_pcb_refcount
                0x000000003fff16ec        0x1 ./build/lwip.a(dhcp.o)
 *fill*         0x000000003fff16ed        0x3 
 .bss.dhcp_pcb  0x000000003fff16f0        0x4 ./build/lwip.a(dhcp.o)
 .bss.etharp_cached_entry
                0x000000003fff16f4        0x1 ./build/lwip.a(etharp.o)
 *fill*         0x000000003fff16f5        0x3 
 .bss.arp_table
                0x000000003fff16f8       0xf0 ./build/lwip.a(etharp.o)
 .bss.allrouters
                0x000000003fff17e8        0x4 ./build/lwip.a(igmp.o)
 .bss.allsystems
                0x000000003fff17ec        0x4 ./build/lwip.a(igmp.o)
 .bss.ip4_default_multicast_netif
                0x000000003fff17f0        0x4 ./build/lwip.a(ip4.o)
 .bss.ip_id     0x000000003fff17f4        0x2 ./build/lwip.a(ip4.o)
 *fill*         0x000000003fff17f6        0x2 
 .bss._sysparam_info
                0x000000003fff17f8       0x18 ./build/core.a(sysparam.o)
 .bss.heap_end$5292
                0x000000003fff1810        0x4 ./build/core.a(newlib_syscalls.o)
 .bss.locks_initialized
                0x000000003fff1814        0x4 ./build/core.a(newlib_syscalls.o)
 .bss.user_exception_handler
                0x000000003fff1818        0x4 ./build/core.a(debug_dumps.o)
 .bss.buttons   0x000000003fff181c        0x4 ./build/program.a(button.o)
                0x000000003fff181c                buttons
 .bss.wifi_networks
                0x000000003fff1820        0x4 ./build/wifi_config.a(wifi_config.o)
                0x000000003fff1820                wifi_networks
 .bss.context   0x000000003fff1824        0x4 ./build/wifi_config.a(wifi_config.o)
 .bss.current_client_context
                0x000000003fff1828        0x4 ./build/homekit.a(server.o)
 .bss.mdns_txt_rec
                0x000000003fff182c       0x80 ./build/homekit.a(port.o)
 .bss.mdns_instance_name
                0x000000003fff18ac       0x41 ./build/homekit.a(port.o)
 *fill*         0x000000003fff18ed        0x3 
 .bss.network_monitor_timer
                0x000000003fff18f0       0x1c ./build/homekit.a(mdnsresponder.o)
 .bss.announce_timer
                0x000000003fff190c       0x1c ./build/homekit.a(mdnsresponder.o)
 .bss.gDictP    0x000000003fff1928        0x4 ./build/homekit.a(mdnsresponder.o)
 .bss.gDictMutex
                0x000000003fff192c        0x4 ./build/homekit.a(mdnsresponder.o)
 .bss.gMDNS_pcb
                0x000000003fff1930        0x4 ./build/homekit.a(mdnsresponder.o)
 .bss.select_cb_list
                0x000000003fff1934        0x4 ./build/lwip.a(sockets.o)
 .bss.sockets   0x000000003fff1938       0xc0 ./build/lwip.a(sockets.o)
 .bss.gpio_interrupt_handlers
                0x000000003fff19f8       0x40 ./build/core.a(esp_gpio.o)
 .bss.ipbuf$6164
                0x000000003fff1a38       0x10 ./build/dhcpserver.a(dhcpserver.o)
 .bss.state     0x000000003fff1a48        0x4 ./build/dhcpserver.a(dhcpserver.o)
 .bss.dhcpserver_task_handle
                0x000000003fff1a4c        0x4 ./build/dhcpserver.a(dhcpserver.o)
 .bss.global_error
                0x000000003fff1a50        0x8 ./build/cjson.a(cJSON.o)
 *(.gnu.linkonce.b.*)
 *(COMMON)
 COMMON         0x000000003fff1a58       0x28 ./build/open_esplibs_libmain.a(user_interface.o)
                0x000000003fff1a58                sdk_cpu_overclock
                0x000000003fff1a5c                sdk_rst_if
                0x000000003fff1a7c                sdk_promiscuous_cb
 COMMON         0x000000003fff1a80        0x4 ./build/open_esplibs_libmain.a(misc.o)
                0x000000003fff1a80                sdk__putc1
 COMMON         0x000000003fff1a84        0xc ./build/freertos.a(port.o)
                0x000000003fff1a84                level1_int_disabled
                0x000000003fff1a88                cpu_sr
                0x000000003fff1a8c                xPortSupervisorStackPointer
 COMMON         0x000000003fff1a90        0xc ./build/lwip.a(sys_arch.o)
                0x000000003fff1a90                lwip_tcpip_thread
                0x000000003fff1a94                lwip_core_lock_count
                0x000000003fff1a98                lwip_core_lock_holder_thread
 COMMON         0x000000003fff1a9c        0x4 ./build/lwip.a(esp_interface.o)
                0x000000003fff1a9c                pp_rx_pool_usage
 COMMON         0x000000003fff1aa0        0x4 ./build/lwip.a(tcpip.o)
                0x000000003fff1aa0                lock_tcpip_core
 COMMON         0x000000003fff1aa4       0x18 ./build/lwip.a(tcp.o)
                0x000000003fff1aa4                tcp_active_pcbs_changed
                0x000000003fff1aa8                tcp_active_pcbs
                0x000000003fff1aac                tcp_ticks
                0x000000003fff1ab0                tcp_listen_pcbs
                0x000000003fff1ab4                tcp_bound_pcbs
                0x000000003fff1ab8                tcp_tw_pcbs
 COMMON         0x000000003fff1abc        0x4 ./build/lwip.a(tcp_in.o)
                0x000000003fff1abc                tcp_input_pcb
 COMMON         0x000000003fff1ac0        0x1 ./build/lwip.a(pbuf.o)
                0x000000003fff1ac0                pbuf_free_ooseq_pending
 *fill*         0x000000003fff1ac1        0x3 
 COMMON         0x000000003fff1ac4        0x8 ./build/lwip.a(netif.o)
                0x000000003fff1ac4                netif_list
                0x000000003fff1ac8                netif_default
 COMMON         0x000000003fff1acc        0x4 ./build/lwip.a(udp.o)
                0x000000003fff1acc                udp_pcbs
 COMMON         0x000000003fff1ad0       0x34 ./build/lwip.a(dhcp.o)
                0x000000003fff1ad0                dhcp_rx_options_given
                0x000000003fff1adc                dhcp_rx_options_val
 COMMON         0x000000003fff1b04       0x18 ./build/lwip.a(ip.o)
                0x000000003fff1b04                ip_data
 COMMON         0x000000003fff1b1c       0x81 ./build/core.a(esp_interrupts.o)
                0x000000003fff1b1c                isr
                0x000000003fff1b9c                esp_in_isr
 *fill*         0x000000003fff1b9d        0x3 
 COMMON         0x000000003fff1ba0       0x2d ./build/core.a(app_main.o)
                0x000000003fff1ba0                sdk_info
                0x000000003fff1bc4                sdk_xWatchDogTaskHandle
                0x000000003fff1bc8                sdk_xUserTaskHandle
                0x000000003fff1bcc                sdk_user_init_flag
 *fill*         0x000000003fff1bcd        0x3 
 COMMON         0x000000003fff1bd0      0x138 ./build/libc.a(lib_a-findfp.o)
                0x000000003fff1bd0                __sf
 COMMON         0x000000003fff1d08        0x4 ./build/wifi_config.a(wifi_config.o)
                0x000000003fff1d08                wifi_networks_mutex
 COMMON         0x000000003fff1d0c       0x90 ./build/lwip.a(sockets.o)
                0x000000003fff1d0c                socket_ipv4_multicast_memberships
                0x000000003fff1da0                . = ALIGN (0x8)
 *fill*         0x000000003fff1d9c        0x4 
                0x000000003fff1da0                _bss_end = ABSOLUTE (.)
                0x000000003fff1da0                _heap_start = ABSOLUTE (.)

.irom0.text     0x0000000040202010    0x6515c
                0x0000000040202010                _irom0_text_start = ABSOLUTE (.)
 *(.literal .text .literal.* .text.* .rodata .rodata.*)
 .text._check_boot_version
                0x0000000040202010       0x3a ./build/open_esplibs_libmain.a(user_interface.o)
                                         0x3e (size before relaxing)
 *fill*         0x000000004020204a        0x2 
 .text.wifi_save_protect
                0x000000004020204c       0x9f ./build/open_esplibs_libmain.a(user_interface.o)
 *fill*         0x00000000402020eb        0x1 
 .text.sdk_system_pp_recycle_rx_pkt
                0x00000000402020ec        0xf ./build/open_esplibs_libmain.a(user_interface.o)
                                         0x17 (size before relaxing)
                0x00000000402020ec                sdk_system_pp_recycle_rx_pkt
 *fill*         0x00000000402020fb        0x1 
 .text.sdk_system_restart
                0x00000000402020fc       0x53 ./build/open_esplibs_libmain.a(user_interface.o)
                                         0x7b (size before relaxing)
                0x0000000040202108                sdk_system_restart
 *fill*         0x000000004020214f        0x1 
 .text.sdk_system_get_boot_version
                0x0000000040202150        0xe ./build/open_esplibs_libmain.a(user_interface.o)
                                         0x12 (size before relaxing)
                0x0000000040202150                sdk_system_get_boot_version
 *fill*         0x000000004020215e        0x2 
 .text.sdk_system_get_test_result
                0x0000000040202160       0x22 ./build/open_esplibs_libmain.a(user_interface.o)
                                         0x2e (size before relaxing)
                0x0000000040202160                sdk_system_get_test_result
 *fill*         0x0000000040202182        0x2 
 .text.sdk_system_upgrade_userbin_check
                0x0000000040202184       0x40 ./build/open_esplibs_libmain.a(user_interface.o)
                                         0x44 (size before relaxing)
                0x0000000040202184                sdk_system_upgrade_userbin_check
 .text.sdk_system_get_userbin_addr
                0x00000000402021c4       0x92 ./build/open_esplibs_libmain.a(user_interface.o)
                                         0x9e (size before relaxing)
                0x00000000402021d0                sdk_system_get_userbin_addr
 *fill*         0x0000000040202256        0x2 
 .text.sdk_system_update_cpu_freq
                0x0000000040202258       0x61 ./build/open_esplibs_libmain.a(user_interface.o)
                                         0x69 (size before relaxing)
                0x000000004020225c                sdk_system_update_cpu_freq
 *fill*         0x00000000402022b9        0x3 
 .text.sdk_system_get_cpu_freq
                0x00000000402022bc       0x1a ./build/open_esplibs_libmain.a(user_interface.o)
                0x00000000402022c0                sdk_system_get_cpu_freq
 *fill*         0x00000000402022d6        0x2 
 .text.sdk_system_overclock
                0x00000000402022d8       0x31 ./build/open_esplibs_libmain.a(user_interface.o)
                                         0x3d (size before relaxing)
                0x00000000402022dc                sdk_system_overclock
 *fill*         0x0000000040202309        0x3 
 .text.sdk_system_restoreclock
                0x000000004020230c       0x33 ./build/open_esplibs_libmain.a(user_interface.o)
                                         0x43 (size before relaxing)
                0x000000004020230c                sdk_system_restoreclock
 *fill*         0x000000004020233f        0x1 
 .text.sdk_system_station_got_ip_set
                0x0000000040202340       0x8d ./build/open_esplibs_libmain.a(user_interface.o)
                                         0xa9 (size before relaxing)
                0x0000000040202348                sdk_system_station_got_ip_set
 *fill*         0x00000000402023cd        0x3 
 .text.sdk_system_get_netif
                0x00000000402023d0       0x18 ./build/open_esplibs_libmain.a(user_interface.o)
                                         0x1c (size before relaxing)
                0x00000000402023d0                sdk_system_get_netif
 .text.sdk_wifi_param_save_protect
                0x00000000402023e8       0xa8 ./build/open_esplibs_libmain.a(user_interface.o)
                                         0xc0 (size before relaxing)
                0x00000000402023f4                sdk_wifi_param_save_protect
 .text.sdk_wifi_station_get_connect_status
                0x0000000040202490       0x21 ./build/open_esplibs_libmain.a(user_interface.o)
                                         0x2d (size before relaxing)
                0x0000000040202490                sdk_wifi_station_get_connect_status
 *fill*         0x00000000402024b1        0x3 
 .text.sdk_wifi_set_ip_info
                0x00000000402024b4       0x93 ./build/open_esplibs_libmain.a(user_interface.o)
                                         0xaf (size before relaxing)
                0x00000000402024c0                sdk_wifi_set_ip_info
 *fill*         0x0000000040202547        0x1 
 .text.sdk_wifi_get_macaddr
                0x0000000040202548       0x63 ./build/open_esplibs_libmain.a(user_interface.o)
                                         0x73 (size before relaxing)
                0x000000004020254c                sdk_wifi_get_macaddr
 *fill*         0x00000000402025ab        0x1 
 .text.add_pending_timer
                0x00000000402025ac       0x98 ./build/open_esplibs_libmain.a(ets_timer.o)
                                         0x9c (size before relaxing)
 .text.timer_task
                0x0000000040202644       0xb9 ./build/open_esplibs_libmain.a(ets_timer.o)
                                         0xd5 (size before relaxing)
 *fill*         0x00000000402026fd        0x3 
 .text.sdk_ets_timer_arm_ms_us
                0x0000000040202700       0x69 ./build/open_esplibs_libmain.a(ets_timer.o)
                                         0x7d (size before relaxing)
                0x0000000040202708                sdk_ets_timer_arm_ms_us
 *fill*         0x0000000040202769        0x3 
 .text.sdk_ets_timer_arm
                0x000000004020276c       0x17 ./build/open_esplibs_libmain.a(ets_timer.o)
                                         0x1b (size before relaxing)
                0x000000004020276c                sdk_ets_timer_arm
 *fill*         0x0000000040202783        0x1 
 .text.sdk_ets_timer_disarm
                0x0000000040202784       0x51 ./build/open_esplibs_libmain.a(ets_timer.o)
                                         0x5d (size before relaxing)
                0x0000000040202784                sdk_ets_timer_disarm
 *fill*         0x00000000402027d5        0x3 
 .text.sdk_ets_timer_init
                0x00000000402027d8       0xa4 ./build/open_esplibs_libmain.a(ets_timer.o)
                                         0xb8 (size before relaxing)
                0x00000000402027f0                sdk_ets_timer_init
 .text.sdk_os_update_cpu_frequency
                0x000000004020287c        0xb ./build/open_esplibs_libmain.a(misc.o)
                0x0000000040202880                sdk_os_update_cpu_frequency
                0x0000000040202880                sdk_ets_update_cpu_frequency
 *fill*         0x0000000040202887        0x1 
 .text.sdk_os_delay_us
                0x0000000040202888       0x19 ./build/open_esplibs_libmain.a(misc.o)
                                         0x1d (size before relaxing)
                0x0000000040202888                sdk_os_delay_us
                0x0000000040202888                sdk_ets_delay_us
 *fill*         0x00000000402028a1        0x3 
 .text.sdk_os_install_putc1
                0x00000000402028a4        0xb ./build/open_esplibs_libmain.a(misc.o)
                0x00000000402028a8                sdk_os_install_putc1
 *fill*         0x00000000402028af        0x1 
 .text.sdk_gpio_output_set
                0x00000000402028b0       0x1d ./build/open_esplibs_libmain.a(misc.o)
                0x00000000402028b4                sdk_gpio_output_set
 *fill*         0x00000000402028cd        0x3 
 .text.sdk_rtc_get_reset_reason
                0x00000000402028d0       0x4a ./build/open_esplibs_libmain.a(misc.o)
                0x00000000402028d8                sdk_rtc_get_reset_reason
 *fill*         0x000000004020291a        0x2 
 .text.timer_tramp
                0x000000004020291c       0x17 ./build/open_esplibs_libmain.a(timers.o)
                                         0x1f (size before relaxing)
 *fill*         0x0000000040202933        0x1 
 .text.sdk_os_timer_setfn
                0x0000000040202934       0xac ./build/open_esplibs_libmain.a(timers.o)
                                         0xb8 (size before relaxing)
                0x0000000040202944                sdk_os_timer_setfn
 .text.sdk_os_timer_arm
                0x00000000402029e0       0xa8 ./build/open_esplibs_libmain.a(timers.o)
                                         0xd4 (size before relaxing)
                0x00000000402029e8                sdk_os_timer_arm
 .text.sdk_os_timer_disarm
                0x0000000040202a88       0x27 ./build/open_esplibs_libmain.a(timers.o)
                                         0x37 (size before relaxing)
                0x0000000040202a8c                sdk_os_timer_disarm
 *fill*         0x0000000040202aaf        0x1 
 .text.sdk_ieee80211_hostap_attach
                0x0000000040202ab0      0x199 ./build/open_esplibs_libnet80211.a(ieee80211_hostap.o)
                                        0x1fd (size before relaxing)
                0x0000000040202ad0                sdk_ieee80211_hostap_attach
 *fill*         0x0000000040202c49        0x3 
 .text.sdk_wifi_softap_start
                0x0000000040202c4c      0x168 ./build/open_esplibs_libnet80211.a(ieee80211_hostap.o)
                                        0x1c8 (size before relaxing)
                0x0000000040202c6c                sdk_wifi_softap_start
 .text.sdk_wifi_softap_stop
                0x0000000040202db4      0x13d ./build/open_esplibs_libnet80211.a(ieee80211_hostap.o)
                                        0x1b9 (size before relaxing)
                0x0000000040202db8                sdk_wifi_softap_stop
 *fill*         0x0000000040202ef1        0x3 
 .text.dhcp_if_down
                0x0000000040202ef4       0x23 ./build/open_esplibs_libnet80211.a(wl_cnx.o)
                                         0x3f (size before relaxing)
                0x0000000040202ef4                dhcp_if_down
 *fill*         0x0000000040202f17        0x1 
 .text.sdk_cnx_rc_search
                0x0000000040202f18       0x5e ./build/open_esplibs_libnet80211.a(wl_cnx.o)
                                         0x66 (size before relaxing)
                0x0000000040202f18                sdk_cnx_rc_search
 *fill*         0x0000000040202f76        0x2 
 .text.sdk_cnx_add_rc
                0x0000000040202f78       0x7c ./build/open_esplibs_libnet80211.a(wl_cnx.o)
                                         0x80 (size before relaxing)
                0x0000000040202f78                sdk_cnx_add_rc
 .text.sdk_cnx_remove_rc
                0x0000000040202ff4       0x9b ./build/open_esplibs_libnet80211.a(wl_cnx.o)
                                         0x9f (size before relaxing)
                0x0000000040202ff8                sdk_cnx_remove_rc
 *fill*         0x000000004020308f        0x1 
 .text.sdk_cnx_node_remove
                0x0000000040203090       0x7c ./build/open_esplibs_libnet80211.a(wl_cnx.o)
                                         0x98 (size before relaxing)
                0x0000000040203090                sdk_cnx_node_remove
 .text.sdk_cnx_node_search
                0x000000004020310c       0x66 ./build/open_esplibs_libnet80211.a(wl_cnx.o)
                                         0x6e (size before relaxing)
                0x000000004020310c                sdk_cnx_node_search
 *fill*         0x0000000040203172        0x2 
 .text.sdk_sta_status_set
                0x0000000040203174       0x42 ./build/open_esplibs_libnet80211.a(ieee80211_sta.o)
                                         0x46 (size before relaxing)
                0x0000000040203174                sdk_sta_status_set
 *fill*         0x00000000402031b6        0x2 
 .text.sdk_wifi_station_start
                0x00000000402031b8       0xa7 ./build/open_esplibs_libnet80211.a(ieee80211_sta.o)
                                         0xdf (size before relaxing)
                0x00000000402031c8                sdk_wifi_station_start
 *fill*         0x000000004020325f        0x1 
 .text.sdk_wifi_station_stop
                0x0000000040203260       0x4b ./build/open_esplibs_libnet80211.a(ieee80211_sta.o)
                                         0x5b (size before relaxing)
                0x0000000040203260                sdk_wifi_station_stop
 *fill*         0x00000000402032ab        0x1 
 .text._ppz20   0x00000000402032ac        0x9 ./build/open_esplibs_libpp.a(pp.o)
                0x00000000402032b0                _ppz20
 *fill*         0x00000000402032b5        0x3 
 .text.sdk_wpa_config_assoc_ie
                0x00000000402032b8       0x17 ./build/open_esplibs_libwpa.a(wpa_main.o)
                                         0x1b (size before relaxing)
                0x00000000402032b8                sdk_wpa_config_assoc_ie
 *fill*         0x00000000402032cf        0x1 
 .text.sdk_dhcp_bind_check
                0x00000000402032d0       0x22 ./build/open_esplibs_libwpa.a(wpa_main.o)
                                         0x26 (size before relaxing)
                0x00000000402032d0                sdk_dhcp_bind_check
 *fill*         0x00000000402032f2        0x2 
 .text.wpa_callback2
                0x00000000402032f4       0x33 ./build/open_esplibs_libwpa.a(wpa_main.o)
                                         0x47 (size before relaxing)
 *fill*         0x0000000040203327        0x1 
 .text.wpa_callback1
                0x0000000040203328       0x1b ./build/open_esplibs_libwpa.a(wpa_main.o)
                                         0x23 (size before relaxing)
 *fill*         0x0000000040203343        0x1 
 .text.sdk_wpa_config_profile
                0x0000000040203344       0x49 ./build/open_esplibs_libwpa.a(wpa_main.o)
                                         0x58 (size before relaxing)
                0x0000000040203344                sdk_wpa_config_profile
 *fill*         0x000000004020338d        0x3 
 .text.sdk_wpa_config_bss
                0x0000000040203390       0x2f ./build/open_esplibs_libwpa.a(wpa_main.o)
                                         0x37 (size before relaxing)
                0x0000000040203390                sdk_wpa_config_bss
 *fill*         0x00000000402033bf        0x1 
 .text.sdk_eagle_auth_done
                0x00000000402033c0      0x105 ./build/open_esplibs_libwpa.a(wpa_main.o)
                                        0x18c (size before relaxing)
                0x00000000402033e0                sdk_eagle_auth_done
 *fill*         0x00000000402034c5        0x3 
 .text.sdk_wpa_neg_complete
                0x00000000402034c8        0xf ./build/open_esplibs_libwpa.a(wpa_main.o)
                                         0x17 (size before relaxing)
                0x00000000402034c8                sdk_wpa_neg_complete
 *fill*         0x00000000402034d7        0x1 
 .text.sdk_wpa_attach
                0x00000000402034d8       0x4f ./build/open_esplibs_libwpa.a(wpa_main.o)
                                         0x5f (size before relaxing)
                0x00000000402034f0                sdk_wpa_attach
 *fill*         0x0000000040203527        0x1 
 .text.prvResetNextTaskUnblockTime$part$0
                0x0000000040203528       0x20 ./build/freertos.a(tasks.o)
 .text.prvAddCurrentTaskToDelayedList
                0x0000000040203548       0xa4 ./build/freertos.a(tasks.o)
                                         0xc4 (size before relaxing)
 .text.prvIdleTask
                0x00000000402035ec       0x97 ./build/freertos.a(tasks.o)
                                         0xb3 (size before relaxing)
 *fill*         0x0000000040203683        0x1 
 .text.xTaskCreate
                0x0000000040203684      0x23f ./build/freertos.a(tasks.o)
                                        0x2bf (size before relaxing)
                0x00000000402036ac                xTaskCreate
 *fill*         0x00000000402038c3        0x1 
 .text.vTaskDelete
                0x00000000402038c4       0xf1 ./build/freertos.a(tasks.o)
                                        0x145 (size before relaxing)
                0x00000000402038cc                vTaskDelete
 *fill*         0x00000000402039b5        0x3 
 .text.vTaskStartScheduler
                0x00000000402039b8       0xa4 ./build/freertos.a(tasks.o)
                                         0xd7 (size before relaxing)
                0x00000000402039d4                vTaskStartScheduler
 *fill*         0x0000000040203a5c        0x0 
 .text.vTaskSuspendAll
                0x0000000040203a5c       0x11 ./build/freertos.a(tasks.o)
                                         0x15 (size before relaxing)
                0x0000000040203a5c                vTaskSuspendAll
 *fill*         0x0000000040203a6d        0x3 
 .text.xTaskGetTickCount
                0x0000000040203a70       0x27 ./build/freertos.a(tasks.o)
                                         0x33 (size before relaxing)
                0x0000000040203a70                xTaskGetTickCount
 *fill*         0x0000000040203a97        0x1 
 .text.xTaskGetTickCountFromISR
                0x0000000040203a98       0x2c ./build/freertos.a(tasks.o)
                                         0x3c (size before relaxing)
                0x0000000040203a9c                xTaskGetTickCountFromISR
 .text.xTaskIncrementTick
                0x0000000040203ac4      0x1ac ./build/freertos.a(tasks.o)
                                        0x1e8 (size before relaxing)
                0x0000000040203ad4                xTaskIncrementTick
 .text.xTaskResumeAll
                0x0000000040203c70      0x121 ./build/freertos.a(tasks.o)
                                        0x185 (size before relaxing)
                0x0000000040203c74                xTaskResumeAll
 *fill*         0x0000000040203d91        0x3 
 .text.vTaskDelay
                0x0000000040203d94       0x50 ./build/freertos.a(tasks.o)
                                         0x74 (size before relaxing)
                0x0000000040203d94                vTaskDelay
 .text.vTaskSwitchContext
                0x0000000040203de4       0xea ./build/freertos.a(tasks.o)
                                        0x10a (size before relaxing)
                0x0000000040203df0                vTaskSwitchContext
 *fill*         0x0000000040203ece        0x2 
 .text.vTaskPlaceOnEventList
                0x0000000040203ed0       0x41 ./build/freertos.a(tasks.o)
                                         0x5d (size before relaxing)
                0x0000000040203ed4                vTaskPlaceOnEventList
 *fill*         0x0000000040203f11        0x3 
 .text.vTaskPlaceOnEventListRestricted
                0x0000000040203f14       0x4a ./build/freertos.a(tasks.o)
                                         0x66 (size before relaxing)
                0x0000000040203f18                vTaskPlaceOnEventListRestricted
 *fill*         0x0000000040203f5e        0x2 
 .text.xTaskRemoveFromEventList
                0x0000000040203f60       0x87 ./build/freertos.a(tasks.o)
                                         0xcb (size before relaxing)
                0x0000000040203f64                xTaskRemoveFromEventList
 *fill*         0x0000000040203fe7        0x1 
 .text.vTaskInternalSetTimeOutState
                0x0000000040203fe8       0x16 ./build/freertos.a(tasks.o)
                                         0x1e (size before relaxing)
                0x0000000040203fe8                vTaskInternalSetTimeOutState
 *fill*         0x0000000040203ffe        0x2 
 .text.xTaskCheckForTimeOut
                0x0000000040204000       0x99 ./build/freertos.a(tasks.o)
                                         0xb9 (size before relaxing)
                0x0000000040204008                xTaskCheckForTimeOut
 *fill*         0x0000000040204099        0x3 
 .text.vTaskMissedYield
                0x000000004020409c        0xc ./build/freertos.a(tasks.o)
                                         0x10 (size before relaxing)
                0x000000004020409c                vTaskMissedYield
 .text.uxTaskGetStackHighWaterMark
                0x00000000402040a8       0x2c ./build/freertos.a(tasks.o)
                                         0x30 (size before relaxing)
                0x00000000402040a8                uxTaskGetStackHighWaterMark
 .text.xTaskGetCurrentTaskHandle
                0x00000000402040d4        0xa ./build/freertos.a(tasks.o)
                                          0xe (size before relaxing)
                0x00000000402040d4                xTaskGetCurrentTaskHandle
 *fill*         0x00000000402040de        0x2 
 .text.xTaskGetSchedulerState
                0x00000000402040e0       0x1e ./build/freertos.a(tasks.o)
                                         0x26 (size before relaxing)
                0x00000000402040e0                xTaskGetSchedulerState
 *fill*         0x00000000402040fe        0x2 
 .text.xTaskPriorityInherit
                0x0000000040204100       0xa4 ./build/freertos.a(tasks.o)
                                         0xbc (size before relaxing)
                0x0000000040204100                xTaskPriorityInherit
 .text.xTaskPriorityDisinherit
                0x00000000402041a4       0x92 ./build/freertos.a(tasks.o)
                                         0xbe (size before relaxing)
                0x00000000402041ac                xTaskPriorityDisinherit
 *fill*         0x0000000040204236        0x2 
 .text.vTaskPriorityDisinheritAfterTimeout
                0x0000000040204238       0xa3 ./build/freertos.a(tasks.o)
                                         0xcf (size before relaxing)
                0x0000000040204240                vTaskPriorityDisinheritAfterTimeout
 *fill*         0x00000000402042db        0x1 
 .text.pvTaskIncrementMutexHeldCount
                0x00000000402042dc       0x1f ./build/freertos.a(tasks.o)
                                         0x23 (size before relaxing)
                0x00000000402042dc                pvTaskIncrementMutexHeldCount
 *fill*         0x00000000402042fb        0x1 
 .text.xTaskNotifyWait
                0x00000000402042fc       0xdf ./build/freertos.a(tasks.o)
                                         0xff (size before relaxing)
                0x00000000402042fc                xTaskNotifyWait
 *fill*         0x00000000402043db        0x1 
 .text.xTaskGenericNotify
                0x00000000402043dc      0x113 ./build/freertos.a(tasks.o)
                                        0x14f (size before relaxing)
                0x00000000402043ec                xTaskGenericNotify
 *fill*         0x00000000402044ef        0x1 
 .text.xTaskGenericNotifyFromISR
                0x00000000402044f0      0x14f ./build/freertos.a(tasks.o)
                                        0x197 (size before relaxing)
                0x0000000040204504                xTaskGenericNotifyFromISR
 *fill*         0x000000004020463f        0x1 
 .text.prvCheckForValidListAndQueue
                0x0000000040204640       0x69 ./build/freertos.a(timers.o)
                                         0x89 (size before relaxing)
 *fill*         0x00000000402046a9        0x3 
 .text.prvInsertTimerInActiveList
                0x00000000402046ac       0x45 ./build/freertos.a(timers.o)
                                         0x59 (size before relaxing)
 *fill*         0x00000000402046f1        0x3 
 .text.xTimerCreateTimerTask
                0x00000000402046f4       0x49 ./build/freertos.a(timers.o)
                                         0x61 (size before relaxing)
                0x0000000040204704                xTimerCreateTimerTask
 *fill*         0x000000004020473d        0x3 
 .text.xTimerCreate
                0x0000000040204740       0x69 ./build/freertos.a(timers.o)
                                         0x85 (size before relaxing)
                0x0000000040204740                xTimerCreate
 *fill*         0x00000000402047a9        0x3 
 .text.xTimerGenericCommand
                0x00000000402047ac       0x7f ./build/freertos.a(timers.o)
                                         0x9f (size before relaxing)
                0x00000000402047ac                xTimerGenericCommand
 *fill*         0x000000004020482b        0x1 
 .text.prvSwitchTimerLists
                0x000000004020482c       0x84 ./build/freertos.a(timers.o)
                                         0xaa (size before relaxing)
 *fill*         0x00000000402048b0        0x0 
 .text.prvTimerTask
                0x00000000402048b0      0x1e8 ./build/freertos.a(timers.o)
                                        0x280 (size before relaxing)
 .text.pvTimerGetTimerID
                0x0000000040204a98       0x2d ./build/freertos.a(timers.o)
                                         0x41 (size before relaxing)
                0x0000000040204a98                pvTimerGetTimerID
 *fill*         0x0000000040204ac5        0x3 
 .text.vAssertCalled
                0x0000000040204ac8       0x22 ./build/freertos.a(port.o)
                                         0x26 (size before relaxing)
                0x0000000040204ad0                vAssertCalled
 *fill*         0x0000000040204aea        0x2 
 .text.pxPortInitialiseStack
                0x0000000040204aec       0x37 ./build/freertos.a(port.o)
                0x0000000040204af0                pxPortInitialiseStack
 *fill*         0x0000000040204b23        0x1 
 .text.xPortSysTickHandle
                0x0000000040204b24       0x14 ./build/freertos.a(port.o)
                                         0x23 (size before relaxing)
                0x0000000040204b24                xPortSysTickHandle
 *fill*         0x0000000040204b38        0x0 
 .text.xPortStartScheduler
                0x0000000040204b38       0x7e ./build/freertos.a(port.o)
                                         0x8e (size before relaxing)
                0x0000000040204b4c                xPortStartScheduler
 *fill*         0x0000000040204bb6        0x2 
 .text.xPortGetFreeHeapSize
                0x0000000040204bb8       0x28 ./build/freertos.a(port.o)
                                         0x38 (size before relaxing)
                0x0000000040204bb8                xPortGetFreeHeapSize
 .text.xTaskGenericCreate
                0x0000000040204be0       0x15 ./build/freertos.a(port.o)
                                         0x19 (size before relaxing)
                0x0000000040204be0                xTaskGenericCreate
 *fill*         0x0000000040204bf5        0x3 
 .text.xQueueGenericReceive
                0x0000000040204bf8       0x1e ./build/freertos.a(port.o)
                                         0x2d (size before relaxing)
                0x0000000040204bfc                xQueueGenericReceive
 *fill*         0x0000000040204c16        0x2 
 .text.prvCopyDataToQueue
                0x0000000040204c18       0xa7 ./build/freertos.a(queue.o)
                                         0xb3 (size before relaxing)
 *fill*         0x0000000040204cbf        0x1 
 .text.prvCopyDataFromQueue
                0x0000000040204cc0       0x2b ./build/freertos.a(queue.o)
                                         0x2f (size before relaxing)
 *fill*         0x0000000040204ceb        0x1 
 .text.prvUnlockQueue
                0x0000000040204cec       0xc4 ./build/freertos.a(queue.o)
                                         0xec (size before relaxing)
 .text.xQueueGenericReset
                0x0000000040204db0       0x8d ./build/freertos.a(queue.o)
                                         0xb5 (size before relaxing)
                0x0000000040204db4                xQueueGenericReset
 *fill*         0x0000000040204e3d        0x3 
 .text.xQueueGenericCreate
                0x0000000040204e40       0x6c ./build/freertos.a(queue.o)
                                         0x80 (size before relaxing)
                0x0000000040204e40                xQueueGenericCreate
 .text.xQueueGenericSend
                0x0000000040204eac      0x183 ./build/freertos.a(queue.o)
                                        0x21f (size before relaxing)
                0x0000000040204eac                xQueueGenericSend
 *fill*         0x000000004020502f        0x1 
 .text.xQueueCreateMutex
                0x0000000040205030       0x31 ./build/freertos.a(queue.o)
                                         0x3d (size before relaxing)
                0x0000000040205030                xQueueCreateMutex
 *fill*         0x0000000040205061        0x3 
 .text.xQueueGiveMutexRecursive
                0x0000000040205064       0x4b ./build/freertos.a(queue.o)
                                         0x5f (size before relaxing)
                0x0000000040205064                xQueueGiveMutexRecursive
 *fill*         0x00000000402050af        0x1 
 .text.xQueueGenericSendFromISR
                0x00000000402050b0       0xc3 ./build/freertos.a(queue.o)
                                         0xf3 (size before relaxing)
                0x00000000402050b0                xQueueGenericSendFromISR
 *fill*         0x0000000040205173        0x1 
 .text.xQueueReceive
                0x0000000040205174      0x179 ./build/freertos.a(queue.o)
                                        0x215 (size before relaxing)
                0x0000000040205174                xQueueReceive
 *fill*         0x00000000402052ed        0x3 
 .text.xQueueSemaphoreTake
                0x00000000402052f0      0x1d4 ./build/freertos.a(queue.o)
                                        0x28c (size before relaxing)
                0x00000000402052f0                xQueueSemaphoreTake
 .text.xQueueTakeMutexRecursive
                0x00000000402054c4       0x53 ./build/freertos.a(queue.o)
                                         0x63 (size before relaxing)
                0x00000000402054c4                xQueueTakeMutexRecursive
 *fill*         0x0000000040205517        0x1 
 .text.uxQueueMessagesWaiting
                0x0000000040205518       0x30 ./build/freertos.a(queue.o)
                                         0x44 (size before relaxing)
                0x0000000040205518                uxQueueMessagesWaiting
 .text.uxQueueMessagesWaitingFromISR
                0x0000000040205548       0x26 ./build/freertos.a(queue.o)
                                         0x2e (size before relaxing)
                0x0000000040205548                uxQueueMessagesWaitingFromISR
 *fill*         0x000000004020556e        0x2 
 .text.vQueueDelete
                0x0000000040205570       0x29 ./build/freertos.a(queue.o)
                                         0x35 (size before relaxing)
                0x0000000040205570                vQueueDelete
 *fill*         0x0000000040205599        0x3 
 .text.vQueueWaitForMessageRestricted
                0x000000004020559c       0x6f ./build/freertos.a(queue.o)
                                         0x7f (size before relaxing)
                0x000000004020559c                vQueueWaitForMessageRestricted
 *fill*         0x000000004020560b        0x1 
 .text.sys_sem_new
                0x000000004020560c       0x41 ./build/lwip.a(sys_arch.o)
                                         0x4d (size before relaxing)
                0x000000004020560c                sys_sem_new
 *fill*         0x000000004020564d        0x3 
 .text.sys_sem_free
                0x0000000040205650       0x1e ./build/lwip.a(sys_arch.o)
                                         0x22 (size before relaxing)
                0x0000000040205650                sys_sem_free
 *fill*         0x000000004020566e        0x2 
 .text.sys_sem_signal
                0x0000000040205670       0x17 ./build/lwip.a(sys_arch.o)
                                         0x1f (size before relaxing)
                0x0000000040205670                sys_sem_signal
 *fill*         0x0000000040205687        0x1 
 .text.sys_arch_sem_wait
                0x0000000040205688       0x4c ./build/lwip.a(sys_arch.o)
                                         0x58 (size before relaxing)
                0x0000000040205688                sys_arch_sem_wait
 .text.sys_mutex_new
                0x00000000402056d4       0x2b ./build/lwip.a(sys_arch.o)
                                         0x2f (size before relaxing)
                0x00000000402056d4                sys_mutex_new
 *fill*         0x00000000402056ff        0x1 
 .text.sys_mbox_new
                0x0000000040205700       0x2f ./build/lwip.a(sys_arch.o)
                                         0x33 (size before relaxing)
                0x0000000040205700                sys_mbox_new